> git status
On branch main
Your branch is up to date with 'origin/main'.

Changes to be committed:
  (use "git restore --staged <file>..." to unstage)
	new file:   frontend/public/crest.jpg

Changes not staged for commit:
  (use "git add <file>..." to update what will be committed)
  (use "git restore <file>..." to discard changes in working directory)
	modified:   backend/src/routes/orders.routes.js
	modified:   backend/src/routes/payments.routes.js
	modified:   backend/src/server.js
	modified:   frontend/src/admin/AdminLayout.jsx
	modified:   frontend/src/components/layout/Footer.jsx
	modified:   frontend/src/components/layout/Header.jsx
	modified:   frontend/src/pages/Checkout/index.jsx
	modified:   frontend/src/pages/Login/index.jsx
	modified:   frontend/src/pages/NotFound/index.jsx
	modified:   frontend/src/pages/OrderTracking/index.jsx
	modified:   frontend/src/pages/admin/Login/index.jsx
	modified:   frontend/src/services/api.js
	modified:   frontend/src/styles/global.css
	modified:   frontend/vite.config.js

Untracked files:
  (use "git add <file>..." to include in what will be committed)
	connection-debug-log.txt
	frontend/public/crest.png
	frontend/src/hooks/useRazorpay.js
	frontend/src/services/payment.js
	frontend/vite.config.js.timestamp-1784093796604-49cc3dbc1baf5.mjs


> git add .

> git commit -m "feat: integrate razorpay test mode, replace logo with transparent png, and compact navbar layout"
[main c81e4cb] feat: integrate razorpay test mode, replace logo with transparent png, and compact navbar layout
 20 files changed, 467 insertions(+), 167 deletions(-)
 create mode 100644 connection-debug-log.txt
 create mode 100644 frontend/public/crest.jpg
 create mode 100644 frontend/public/crest.png
 create mode 100644 frontend/src/hooks/useRazorpay.js
 create mode 100644 frontend/src/services/payment.js
 create mode 100644 frontend/vite.config.js.timestamp-1784093796604-49cc3dbc1baf5.mjs

> git push
