> git status
On branch main
Your branch is up to date with 'origin/main'.

Changes not staged for commit:
  (use "git add/rm <file>..." to update what will be committed)
  (use "git restore <file>..." to discard changes in working directory)
	modified:   frontend/vite.config.js
	deleted:    frontend/vite.config.js.timestamp-1784093796604-49cc3dbc1baf5.mjs

Untracked files:
  (use "git add <file>..." to include in what will be committed)
	frontend/vite.config.js.timestamp-1784093818983-e960a3fc0a12f8.mjs
	git-push-log.txt

no changes added to commit (use "git add" and/or "git commit -a")

> git add .

> git commit -m "feat: integrate razorpay test mode, replace logo with transparent png, and compact navbar layout"
[main 0943f66] feat: integrate razorpay test mode, replace logo with transparent png, and compact navbar layout
 3 files changed, 55 insertions(+), 8 deletions(-)
 rename frontend/{vite.config.js.timestamp-1784093796604-49cc3dbc1baf5.mjs => vite.config.js.timestamp-1784093818983-e960a3fc0a12f8.mjs} (59%)
 create mode 100644 git-push-log.txt

> git status
On branch main
Your branch is ahead of 'origin/main' by 1 commit.
  (use "git push" to publish your local commits)

nothing to commit, working tree clean
